// Jest Snapshot v1, https://goo.gl/fbAQLP

exports[`should onClick event be called 1`] = `
<Styled(Button)
  onClick={[MockFunction]}
>
  SOME_LABEL
</Styled(Button)>
`;
